[www.yogainindia.co.in/index.html]
[backblue.gif]
[fade.gif]
[index.html]
[www.yogainindia.co.in/googleeb4e81db68cfe90f.html]
[www.yogainindia.co.in/assets/img/favicon.ico]
[www.yogainindia.co.in/assets/js/jquery-3.1.1.min.js]
[www.yogainindia.co.in/admin/assets/user/images/logo.png]
[www.yogainindia.co.in/centre-in-rishikesh-india.html]
[www.yogainindia.co.in/centre-in-haridwar-india.html]
[www.yogainindia.co.in/centre-in-puri-orissa-india.html]
[www.yogainindia.co.in/about-us.html]
[www.yogainindia.co.in/international-trips.html]
[www.yogainindia.co.in/our-mission.html]
[www.yogainindia.co.in/yoga-instructors.html]
[www.yogainindia.co.in/facilities-for-students.html]
[www.yogainindia.co.in/page/yoga_student_review.html]
[www.yogainindia.co.in/yoga-teacher-training-certification-in-india.html]
[www.yogainindia.co.in/yoga-teacher-training-for-beginners-in-india.html]
[www.yogainindia.co.in/ashtanga-and-hatha-yoga-teacher-training-in-india.html]
[www.yogainindia.co.in/kundalini-yoga-teacher-training-in-india.html]
[www.yogainindia.co.in/yoga-for-pregnancy-teacher-training-in-india.html]
[www.yogainindia.co.in/page/all_courses.html]
[www.yogainindia.co.in/page/accomodationgallery/accomodation-in-rishikesh.html]
[www.yogainindia.co.in/page/accomodationgallery/om-yoga-center-haridwar.html]
[www.yogainindia.co.in/page/accomodationgallery/accomodation-in-puri.html]
[www.yogainindia.co.in/page/album.html]
[www.yogainindia.co.in/page/video_gallery.html]
[www.yogainindia.co.in/contact-us.html]
[www.yogainindia.co.in/page/studentList.html]
[www.yogainindia.co.in/page/studentListUSA.html]
[translate.google.com/translate_a/element.1fa0d8.delayed]
[www.yogainindia.co.in/admin/upload/gallery/slider/1551263045.jpg]
[www.yogainindia.co.in/admin/upload/gallery/slider/1551263117.jpg]
[www.yogainindia.co.in/admin/upload/gallery/slider/1551263150.jpg]
[www.yogainindia.co.in/admin/upload/gallery/slider/1551263199.jpg]
[www.yogainindia.co.in/admin/upload/gallery/slider/1551263229.jpg]
[www.yogainindia.co.in/admin/upload/gallery/slider/1551263263.jpg]
[www.yogainindia.co.in/admin/upload/gallery/slider/1551263302.jpg]
[www.yogainindia.co.in/assets/img/yogaalliance62ea.png]
[www.yogainindia.co.in/admin/upload/events/1542906995.jpg]
[www.yogainindia.co.in/assets/img/spoon.png]
[www.yogainindia.co.in/page/courses/8-Days-Yoga-for-Beginners-Course-In-Rishikesh-Haridwar-India.html]
[www.yogainindia.co.in/admin/upload/events/1551530290.jpg]
[www.yogainindia.co.in/page/courses/15-days-100hour-ashtanga-hatha-yoga-ttc-in-rishikesh-indi.html]
[www.yogainindia.co.in/admin/upload/events/1551702036.jpg]
[www.yogainindia.co.in/page/courses/30-days-200-hour-Ashtanga-and-Hatha-Yoga-Teacher-Training-In-Rishikesh-Haridwar-India.html]
[www.yogainindia.co.in/admin/upload/events/1550201982.jpg]
[www.yogainindia.co.in/page/courses/45-days-300-hour-ashtanga-and-hatha-yoga-teacher-training.html]
[www.yogainindia.co.in/admin/upload/events/1550202115.jpg]
[www.yogainindia.co.in/blogyoga/index.html]
[www.yogainindia.co.in/admin/upload/events/1542907215.jpg]
[www.yogainindia.co.in/page/courses/60-Days-500Hour-Ashtanga-and-Hatha-Yoga-Teacher-Training-In-Rishikesh-Haridwar-India.html]
[www.yogainindia.co.in/page/courses/30-days-200-hour-ashtanga-yoga-teacher-training.html]
[www.yogainindia.co.in/admin/upload/events/1542907247.jpg]
[www.yogainindia.co.in/page/courses/30-days-200-hour-hatha-yoga-teacher-training.html]
[www.yogainindia.co.in/admin/upload/events/1542907320.jpg]
[www.yogainindia.co.in/page/courses/30-days-200-hour-yoga-anatomy-and-therapy-teacher-training.html]
[www.yogainindia.co.in/admin/upload/events/1542907348.jpg]
[www.yogainindia.co.in/page/courses/20-days-100-hour-yoga-for-pregnancy-teacher-training-course-in-rishikesh-haridwar-india.html]
[www.yogainindia.co.in/admin/upload/events/1542907507.jpg]
[www.yogainindia.co.in/page/courses/15-days-100-hour-yoga-for-oldage-teacher-training-course-in-rishikesh-haridwar-india.html]
[www.yogainindia.co.in/admin/upload/events/1542907535.jpg]
[www.yogainindia.co.in/page/courses/15-days-100-hour-yoga-for-kids-teacher-training-course-in-rishikesh-haridwar-india.html]
[www.yogainindia.co.in/admin/upload/events/1542907564.jpg]
[www.yogainindia.co.in/page/courses/11-days-50-hour-kundalini-yoga-teacher-training-course-in-rishikesh-haridwar-india.html]
[www.yogainindia.co.in/admin/upload/events/1542907663.jpg]
[www.yogainindia.co.in/page/courses/3-days-reiki-level-i-in-rishikesh-haridwar-india.html]
[www.yogainindia.co.in/admin/upload/events/1542907758.jpg]
[www.yogainindia.co.in/page/courses/3-days-reiki-level-ii-in-rishikesh-haridwar-india.html]
[www.yogainindia.co.in/admin/upload/events/1542907840.jpg]
[www.yogainindia.co.in/page/courses/5-days-reiki-level-iii-in-rishikesh-haridwar-india.html]
[www.yogainindia.co.in/admin/upload/events/1543035245.jpg]
[www.yogainindia.co.in/page/activity/200hour-yoga-teacher-training-course.html]
[www.yogainindia.co.in/admin/upload/events/1543035212.jpg]
[www.yogainindia.co.in/page/activity/11-days-kundalini-yoga-course-in-rishikesh-indi.html]
[www.yogainindia.co.in/admin/upload/events/1543035376.jpg]
[www.yogainindia.co.in/page/activity/yoga-for-beginners-course.html]
[www.yogainindia.co.in/admin/upload/events/1543035340.jpg]
[www.yogainindia.co.in/page/activity/yoga-for-pregnancy-teacher-training-course.html]
[www.yogainindia.co.in/upload/yogaphoto/files/about-logo.png]
[www.yogainindia.co.in/upload/yogaphoto/files/download.jpg]
[www.yogainindia.co.in/upload/yogaphoto/files/logos.png]
[www.yogainindia.co.in/admin/upload/events/1510918551.jpg]
[www.yogainindia.co.in/admin/upload/events/1510918191.jpg]
[www.yogainindia.co.in/admin/upload/events/1512390711.jpg]
[www.yogainindia.co.in/admin/upload/events/1512390996.jpg]
[www.yogainindia.co.in/admin/upload/events/1512391292.jpg]
[www.yogainindia.co.in/admin/upload/events/1512493209.jpg]
[www.yogainindia.co.in/admin/upload/events/1531833010.jpg]
[www.yogainindia.co.in/admin/upload/events/1531833385.jpg]
[www.yogainindia.co.in/admin/upload/events/1531833655.jpg]
[www.yogainindia.co.in/admin/upload/events/1531834032.jpg]
[www.yogainindia.co.in/admin/upload/events/1510919108.jpg]
[www.yogainindia.co.in/admin/upload/events/1542893485.jpg]
[www.yogainindia.co.in/admin/upload/events/1542893731.jpg]
[www.yogainindia.co.in/admin/upload/events/1542893968.jpg]
[www.yogainindia.co.in/admin/upload/events/1542895448.jpg]
[www.yogainindia.co.in/admin/upload/events/1542895608.jpg]
[www.yogainindia.co.in/admin/upload/events/1543337763.jpg]
[www.yogainindia.co.in/admin/upload/events/1545469089.jpg]
[www.yogainindia.co.in/admin/upload/events/1545469501.jpg]
[www.yogainindia.co.in/admin/upload/events/1545469753.jpg]
[www.yogainindia.co.in/yoga-student-review.html]
[www.yogainindia.co.in/yoga-teacher-training-for-beginners-in-indi]
[www.yogainindia.co.in/300hr-ashtanga-hatha-yoga-teacher-training-in-indi]
[www.yogainindia.co.in/500hr-ashtanga-hatha-yoga-teacher-training-in-indi]
[www.yogainindia.co.in/kundalini-yoga-teacher-training-in-indi]
[www.yogainindia.co.in/yoga-for-pregnancy-teacher-training-in-indi]
[www.yogainindia.co.in/yoga-for-oldage-and-kids-training-course-in-indi]
[www.googleadservices.com/pagead/f.txt]
[www.yogainindia.co.in/assets/js/popper.min.js]
[www.yogainindia.co.in/assets/js/bootstrap.min.js]
[www.yogainindia.co.in/assets/js/mdb.min.js]
[www.yogainindia.co.in/assets/js/custom.js]
[www.yogainindia.co.in/assets/js/jquery-ui.js]
[www.yogainindia.co.in/index.html]
[www.yogainindia.co.in/googleeb4e81db68cfe90f.html]
[www.yogainindia.co.in/assets/font/fa/fontawesome-webfont3e6e.eot]
[www.yogainindia.co.in/assets/font/fa/fontawesome-webfontd41d.eot]
[www.yogainindia.co.in/assets/font/fa/fontawesome-webfont3e6e.woff2]
[www.yogainindia.co.in/assets/font/fa/fontawesome-webfont3e6e.woff]
[www.yogainindia.co.in/assets/font/fa/fontawesome-webfont3e6e.ttf]
[www.yogainindia.co.in/assets/css/font-awesome.min.css]
[www.yogainindia.co.in/assets/css/bootstrap.css]
[www.yogainindia.co.in/assets/font/roboto/Roboto-Thin.eot]
[www.yogainindia.co.in/assets/font/roboto/Roboto-Thind41d.eot]
[www.yogainindia.co.in/assets/font/roboto/Roboto-Thin.woff2]
[www.yogainindia.co.in/assets/font/roboto/Roboto-Thin.woff]
[www.yogainindia.co.in/assets/font/roboto/Roboto-Thin.ttf]
[www.yogainindia.co.in/assets/font/roboto/Roboto-Light.eot]
[www.yogainindia.co.in/assets/font/roboto/Roboto-Lightd41d.eot]
[www.yogainindia.co.in/assets/font/roboto/Roboto-Light.woff2]
[www.yogainindia.co.in/assets/font/roboto/Roboto-Light.woff]
[www.yogainindia.co.in/assets/font/roboto/Roboto-Light.ttf]
[www.yogainindia.co.in/assets/font/roboto/Roboto-Regular.eot]
[www.yogainindia.co.in/assets/font/roboto/Roboto-Regulard41d.eot]
[www.yogainindia.co.in/assets/font/roboto/Roboto-Regular.woff2]
[www.yogainindia.co.in/assets/font/roboto/Roboto-Regular.woff]
[www.yogainindia.co.in/assets/font/roboto/Roboto-Regular.ttf]
[www.yogainindia.co.in/assets/font/roboto/Roboto-Medium.eot]
[www.yogainindia.co.in/assets/font/roboto/Roboto-Mediumd41d.eot]
[www.yogainindia.co.in/assets/font/roboto/Roboto-Medium.woff2]
[www.yogainindia.co.in/assets/font/roboto/Roboto-Medium.woff]
[www.yogainindia.co.in/assets/font/roboto/Roboto-Medium.ttf]
[www.yogainindia.co.in/assets/font/roboto/Roboto-Bold.eot]
[www.yogainindia.co.in/assets/font/roboto/Roboto-Boldd41d.eot]
[www.yogainindia.co.in/assets/font/roboto/Roboto-Bold.woff2]
[www.yogainindia.co.in/assets/font/roboto/Roboto-Bold.woff]
[www.yogainindia.co.in/assets/font/roboto/Roboto-Bold.ttf]
[www.yogainindia.co.in/assets/css/mdb.min7359.css]
[www.yogainindia.co.in/assets/img/tag-bg.png]
[www.yogainindia.co.in/assets/img/about-img.jpg]
[www.yogainindia.co.in/assets/img/aboutbg_logo.png]
[www.yogainindia.co.in/assets/img/social-bg.png]
[www.yogainindia.co.in/stars.png]
[www.yogainindia.co.in/assets/css/stylef1ac.css]
[www.yogainindia.co.in/admin/upload/page/1543037726.jpg]
[www.yogainindia.co.in/assets/img/yogaalliance5152.png]
[www.yogainindia.co.in/upload/yogaphoto/files/map rishikesh.jpg]
[www.yogainindia.co.in/upload/yogaphoto/files/QR Code(1).jpg]
[www.yogainindia.co.in/upload/yogaphoto/files/banner 1.jpg]
[www.yogainindia.co.in/upload/yogaphoto/files/Banner 2.jpg]
[www.yogainindia.co.in/upload/yogaphoto/files/Banner 3.jpg]
[www.yogainindia.co.in/centre-in-rishikesh-india.html]
[www.yogainindia.co.in/admin/upload/page/1543036737.jpg]
[www.yogainindia.co.in/upload/yogaphoto/files/QR Code(2).jpg]
[www.yogainindia.co.in/upload/yogaphoto/files/pic1(1).jpg]
[www.yogainindia.co.in/upload/yogaphoto/files/pic2(2).jpg]
[www.yogainindia.co.in/upload/yogaphoto/files/pic3(2).jpg]
[www.yogainindia.co.in/upload/yogaphoto/files/pic4(1).jpg]
[www.yogainindia.co.in/centre-in-haridwar-india.html]
[www.yogainindia.co.in/admin/upload/page/1543161071.jpg]
[www.yogainindia.co.in/upload/yogaphoto/files/QR Code(3).jpg]
[www.yogainindia.co.in/upload/yogaphoto/files/cover pic(2).jpg]
[www.yogainindia.co.in/upload/yogaphoto/files/our centre-puri cover pic.jpg]
[www.yogainindia.co.in/upload/yogaphoto/files/om yoga in puri odisha india.jpg]
[www.yogainindia.co.in/upload/yogaphoto/files/yoga instructor cover photo.jpg]
[www.yogainindia.co.in/centre-in-puri-orissa-india.html]
[www.yogainindia.co.in/admin/upload/page/1543161350.jpg]
[www.yogainindia.co.in/upload/yogaphoto/files/about us 1.jpg]
[www.yogainindia.co.in/about-us.html]
[www.yogainindia.co.in/admin/upload/page/1533913192.jpg]
[www.yogainindia.co.in/upload/yogaphoto/files/uk tour.pdf]
[www.yogainindia.co.in/upload/yogaphoto/files/36039334_265511697342732_8637827106597765120_o.jpg]
[www.yogainindia.co.in/upload/yogaphoto/files/36087267_265512307342671_2790767288200986624_o.jpg]
[www.yogainindia.co.in/upload/yogaphoto/files/36053770_264796287414273_6960247446676963328_o.jpg]
[www.yogainindia.co.in/upload/yogaphoto/files/36063093_265301097363792_666654833591189504_o.jpg]
[www.yogainindia.co.in/international-trips.html]
[www.yogainindia.co.in/admin/upload/page/1543161443.jpg]
[www.yogainindia.co.in/our-mission.html]
[www.yogainindia.co.in/admin/upload/page/1543210520.png]
[www.yogainindia.co.in/upload/yogaphoto/files/radhika(1).png]
[www.yogainindia.co.in/upload/yogaphoto/files/ruchika.png]
[www.yogainindia.co.in/upload/yogaphoto/files/Avadhesh Kumar Mishra.jpg]
[www.yogainindia.co.in/upload/yogaphoto/files/Data Ram Jee 20170915_171444.jpg]
[www.yogainindia.co.in/upload/yogaphoto/files/ram lakhan 2.jpg]
[www.yogainindia.co.in/upload/yogaphoto/files/Prakash Kumar.jpg]
[www.yogainindia.co.in/upload/yogaphoto/files/Swati SHarma(2).jpg]
[www.yogainindia.co.in/yoga-instructors.html]
[www.yogainindia.co.in/admin/upload/page/1543161634.jpg]
[www.yogainindia.co.in/facilities-for-students.html]
[www.yogainindia.co.in/page/googleeb4e81db68cfe90f.html]
[www.yogainindia.co.in/admin/upload/page/1512473773.jpg]
[www.yogainindia.co.in/assets/img/right_logo5152.png]
[www.yogainindia.co.in/page/yoga_student_review.html]
[www.yogainindia.co.in/admin/upload/page/1543161910.jpg]
[www.yogainindia.co.in/upload/yogaphoto/files/yoga-alliance-logo-1024x470.jpg]
[www.yogainindia.co.in/upload/yogaphoto/files/yoga alliance rys200.jpg]
[www.yogainindia.co.in/upload/yogaphoto/images/holy-river-ganga-haridwar-rishikesh-india.jpg]
[www.yogainindia.co.in/upload/yogaphoto/images/india-a-spiritual-gateway-haridwar-india.jpg]
[www.yogainindia.co.in/upload/yogaphoto/images/certified-yoga-teacher-training-certification-india.jpg]
[www.yogainindia.co.in/upload/yogaphoto/images/registered-yoga-school-india.jpg]
[www.yogainindia.co.in/upload/yogaphoto/files/yogaclass/yoga-training-school-india.jpg]
[www.yogainindia.co.in/yoga-teacher-training-certification-in-india.html]
[www.yogainindia.co.in/admin/upload/page/1543211138.jpg]
[www.yogainindia.co.in/upload/yogaphoto/files/kundalini yttc certification cover pic.jpg]
[www.yogainindia.co.in/yoga-training-course-for-beginners-indi]
[www.yogainindia.co.in/upload/yogaphoto/files/FB_IMG_1505191242140.jpg]
[www.yogainindia.co.in/yoga-teacher-training-for-beginners-in-india.html]
[www.yogainindia.co.in/admin/upload/page/1543163312.jpg]
[www.yogainindia.co.in/upload/yogaphoto/files/yogaclass/yoga.png]
[www.yogainindia.co.in/upload/yogaphoto/files/our mission-cover pic.jpg]
[www.yogainindia.co.in/200-hour-yoga-teacher-training-in-rishikesh-indi]
[www.yogainindia.co.in/300-hour-yoga-teacher-training-in-rishikesh-indi]
[www.yogainindia.co.in/500-hour-yoga-teacher-training-in-rishikesh-indi]
[www.yogainindia.co.in/upload/yogaphoto/files/kundalini yoga ttc.jpg]
[www.yogainindia.co.in/upload/yogaphoto/files/FB_IMG_1504964602250(1).jpg]
[www.yogainindia.co.in/ashtanga-and-hatha-yoga-teacher-training-in-india.html]
[www.yogainindia.co.in/admin/upload/page/1543211444.jpg]
[www.yogainindia.co.in/kundalini-yoga-training-course-in-rishikesh-indi]
[www.yogainindia.co.in/upload/yogaphoto/files/yogaclass/kundalini.png]
[www.yogainindia.co.in/kundalini-yoga-teacher-training-in-india.html]
[www.yogainindia.co.in/admin/upload/page/1511354651.jpg]
[www.yogainindia.co.in/upload/yogaphoto/files/ysp logo.png]
[www.yogainindia.co.in/yoga-for-pregnancy-training-course-in-rishikesh-indi]
[www.yogainindia.co.in/upload/yogaphoto/files/pregnancy yoga.jpg]
[www.yogainindia.co.in/upload/yogaphoto/files/yoga for pregnancy.jpg]
[www.yogainindia.co.in/yoga-for-pregnancy-teacher-training-in-india.html]
[www.yogainindia.co.in/upload/yogaphoto/files/cover pic(4).jpg]
[www.yogainindia.co.in/page/all_courses.html]
[www.yogainindia.co.in/page/accomodationgallery/googleeb4e81db68cfe90f.html]
[www.yogainindia.co.in/upload/yogaphoto/files/cover pic - haridwar.jpg]
[www.yogainindia.co.in/admin/images/gallery/original/20181214.jpg]
[www.yogainindia.co.in/admin/images/gallery/original/201812141.jpg]
[www.yogainindia.co.in/admin/images/gallery/original/201812142.jpg]
[www.yogainindia.co.in/admin/images/gallery/original/201812143.jpg]
[www.yogainindia.co.in/admin/images/gallery/original/201812144.jpg]
[www.yogainindia.co.in/admin/images/gallery/original/201812145.jpg]
[www.yogainindia.co.in/admin/images/gallery/original/201812146.jpg]
[www.yogainindia.co.in/admin/images/gallery/original/201812147.jpg]
[www.yogainindia.co.in/admin/images/gallery/original/201812148.jpg]
[www.yogainindia.co.in/upload/yogaphoto/files/front view 2.jpg]
[www.yogainindia.co.in/assets/galleryJS/lightgallery.js]
[www.yogainindia.co.in/assets/galleryJS/lg-autoplay.min.js]
[www.yogainindia.co.in/assets/galleryJS/lg-fullscreen.min.js]
[www.yogainindia.co.in/assets/galleryJS/lg-zoom.min.js]
[www.yogainindia.co.in/assets/galleryJS/lg-thumbnail.min.js]
[www.yogainindia.co.in/page/accomodationgallery/accomodation-in-rishikesh.html]
[www.yogainindia.co.in/admin/images/gallery/original/20190109.jpg]
[www.yogainindia.co.in/admin/images/gallery/original/201901091.jpg]
[www.yogainindia.co.in/admin/images/gallery/original/201901092.jpg]
[www.yogainindia.co.in/admin/images/gallery/original/201901093.jpg]
[www.yogainindia.co.in/admin/images/gallery/original/201901094.jpg]
[www.yogainindia.co.in/admin/images/gallery/original/201901095.jpg]
[www.yogainindia.co.in/admin/images/gallery/original/201901096.jpg]
[www.yogainindia.co.in/admin/images/gallery/original/201901097.jpg]
[www.yogainindia.co.in/admin/images/gallery/original/201901098.jpg]
[www.yogainindia.co.in/admin/images/gallery/original/201901099.jpg]
[www.yogainindia.co.in/admin/images/gallery/original/2019010910.jpg]
[www.yogainindia.co.in/upload/yogaphoto/files/premises.jpg]
[www.yogainindia.co.in/upload/yogaphoto/files/A_C Bedroom 2.jpg]
[www.yogainindia.co.in/upload/yogaphoto/files/A_C Suitroom.jpg]
[www.yogainindia.co.in/page/accomodationgallery/om-yoga-center-haridwar.html]
[www.yogainindia.co.in/admin/images/gallery/original/201710076.jpg]
[www.yogainindia.co.in/admin/images/gallery/original/201710077.jpg]
[www.yogainindia.co.in/upload/yogaphoto/files/yoga centre puti3(1).jpg]
[www.yogainindia.co.in/upload/yogaphoto/files/our centre-puri cover pic(1).jpg]
[www.yogainindia.co.in/upload/yogaphoto/files/om yoga in puri odisha india(1).jpg]
[www.yogainindia.co.in/upload/yogaphoto/files/yoga centre puti4(1).jpg]
[www.yogainindia.co.in/page/accomodationgallery/accomodation-in-puri.html]
[www.yogainindia.co.in/upload/yogaphoto/files/banner 2-2.jpg]
[www.yogainindia.co.in/page/photogallery/gallery1.html]
[www.yogainindia.co.in/admin/images/gallery/medium/20181220.png]
[www.yogainindia.co.in/page/album.html]
[www.yogainindia.co.in/page/video_gallery.html]
[www.yogainindia.co.in/admin/upload/page/1539276365.jpg]
[www.yogainindia.co.in/upload/yogaphoto/files/QR Code.jpg]
[www.yogainindia.co.in/contact-us.html]
[ajax.googleapis.com/ajax/libs/webfont/1.5.3/webfont.js]
[www.yogainindia.co.in/blogyoga/feed/index.html]
[www.yogainindia.co.in/blogyoga/comments/feed/index.html]
[www.yogainindia.co.in/blogyoga/wp-includes/js/jquery/jqueryb8ff.js]
[www.yogainindia.co.in/blogyoga/wp-includes/js/jquery/jquery-migrate.min330a.js]
[www.yogainindia.co.in/blogyoga/wp-content/plugins/wp-customer-reviews/js/wp-customer-reviews20f0.js]
[www.yogainindia.co.in/blogyoga/xmlrpc0db0.php]
[www.yogainindia.co.in/blogyoga/wp-json/index.html]
[www.yogainindia.co.in/blogyoga/wp-includes/wlwmanifest.xml]
[www.yogainindia.co.in/blogyoga/wp-content/uploads/2018/04/20180409_125622-1.jpg]
[www.google.com/recaptcha/api.js]
[www.yogainindia.co.in/blogyoga/wp-content/uploads/2018/04/blogyoga-1.png]
[www.yogainindia.co.in/page/class.121.delayed]
[www.yogainindia.co.in/blogyoga/wp-content/uploads/2018/05/mkhi-360x240.jpg]
[www.yogainindia.co.in/blogyoga/search/index.html]
[www.yogainindia.co.in/blogyoga/wp-content/uploads/2018/05/pranayam-360x240.123.delayed]
[www.yogainindia.co.in/blogyoga/category/yoga/index.html]
[www.yogainindia.co.in/blogyoga/2019/02/24/meditation/index.html]
[www.yogainindia.co.in/blogyoga/wp-content/uploads/2018/05/Chanakya-Niti-Nature-of-diet2-360x240.jpg]
[www.yogainindia.co.in/blogyoga/author/mohan/index.html]
[www.yogainindia.co.in/blogyoga/2019/02/03/307/index.html]
[www.yogainindia.co.in/blogyoga/wp-content/uploads/2018/05/on-ac-sleeping-360x240.jpg]
[www.yogainindia.co.in/blogyoga/category/yoga-student-reviews/index.html]
[www.yogainindia.co.in/blogyoga/2019/01/30/all-power-is-within-youyou-can-do-anything-and-/index.html]
[www.yogainindia.co.in/blogyoga/2019/01/29/kundalini-ttc/index.html]
[www.yogainindia.co.in/blogyoga/wp-content/uploads/2018/05/Chanakya-Niti-Nature-of-diet-hindi-360x240.jpg]
[www.yogainindia.co.in/blogyoga/author/maura/index.html]
[www.yogainindia.co.in/blogyoga/category/asanas/index.html]
[www.yogainindia.co.in/blogyoga/2018/05/07/sun-salutation-yoga-pose-surya-namaskar/index.html]
[www.yogainindia.co.in/blogyoga/wp-content/uploads/2018/05/indian-vegetarian-diet-for-weight-loss-360x240.jpg]
[www.yogainindia.co.in/blogyoga/author/aaytrustgmail-com/index.html]
[www.yogainindia.co.in/blogyoga/category/pranayama/index.html]
[www.yogainindia.co.in/blogyoga/category/food-good-for-yogi/index.html]
[www.yogainindia.co.in/blogyoga/2018/05/05/pranayama/index.html]
[www.yogainindia.co.in/blogyoga/2018/05/05/yogic-diet/index.html]
[translate.google.com/translate_a/element.1287876.delayed]
[www.yogainindia.co.in/blogyoga/author/admin/index.html]
[www.yogainindia.co.in/blogyoga/wp-content/themes/espresso/inc/instant-search/instant-search2fca.js]
[www.yogainindia.co.in/blogyoga/2018/05/05/diet-2/index.html]
[www.yogainindia.co.in/blogyoga/category/healthy-health/index.html]
[www.yogainindia.co.in/blogyoga/2018/05/05/ac-का-सही-उपयोग/index.html]
[www.yogainindia.co.in/blogyoga/2018/05/05/diet/index.html]
[www.yogainindia.co.in/blogyoga/wp-content/themes/espresso/inc/post-shares/post-shares2fca.js]
[www.yogainindia.co.in/blogyoga/wp-content/themes/espresso/js/jquery.fitvids2fca.js]
[www.yogainindia.co.in/blogyoga/page/2/index.html]
[www.yogainindia.co.in/blogyoga/wp-content/themes/espresso/components/pace/pace.min2fca.js]
[www.yogainindia.co.in/blogyoga/registration/index.html]
[www.yogainindia.co.in/blogyoga/my-posts/index.html]
[www.yogainindia.co.in/blogyoga/2018/04/26/what-is-the-requirement-of-yoga/index.html]
[www.yogainindia.co.in/blogyoga/2018/04/22/hello-world/index.html]
[www.yogainindia.co.in/blogyoga/wp-content/themes/espresso/js/jquery-backstretch/jquery.backstretch2fca.js]
[www.yogainindia.co.in/blogyoga/2019/02/index.html]
[www.yogainindia.co.in/blogyoga/2019/01/index.html]
[www.yogainindia.co.in/blogyoga/2018/05/index.html]
[www.yogainindia.co.in/blogyoga/wp-content/themes/espresso/js/jquery.hoverIntent2fca.js]
[www.yogainindia.co.in/blogyoga/2018/04/index.html]
[www.yogainindia.co.in/blogyoga/category/300hour-yoga-ttc/index.html]
[www.yogainindia.co.in/blogyoga/category/hatha-yoga/index.html]
[www.yogainindia.co.in/blogyoga/category/stressmanagement/index.html]
[www.yogainindia.co.in/blogyoga/wp-content/themes/espresso/js/imagesloaded.pkgd2fca.js]
[www.yogainindia.co.in/blogyoga/wp-content/themes/espresso/js/isotope.pkgd.min2fca.js]
[www.yogainindia.co.in/blogyoga/wp-content/themes/espresso/js/jquery.easing.compatibility2fca.js]
[www.yogainindia.co.in/blogyoga/wp-content/themes/espresso/js/jquery.magnific-popup2fca.js]
[www.yogainindia.co.in/blogyoga/wp-content/themes/espresso/js/modernizr.min2fca.js]
[www.yogainindia.co.in/blogyoga/wp-content/themes/espresso/js/imgLiquid2fca.js]
[www.yogainindia.co.in/blogyoga/wp-content/themes/espresso/js/raty/jquery.raty2fca.js]
[www.yogainindia.co.in/blogyoga/wp-content/themes/espresso/js/jquery-superfish/superfish2fca.js]
[www.yogainindia.co.in/blogyoga/wp-content/themes/espresso/js/jquery-tipsy/jquery.tipsy2fca.js]
[www.yogainindia.co.in/blogyoga/wp-content/themes/espresso/js/jquery.newsTicker2fca.js]
[www.yogainindia.co.in/blogyoga/wp-content/themes/espresso/js/jquery-hc-sticky/jquery.hc-sticky2fca.js]
[www.yogainindia.co.in/blogyoga/wp-content/themes/espresso/js/jquery.sticky2fca.js]
[www.yogainindia.co.in/blogyoga/wp-content/themes/espresso/js/swiper/swiper.jquery2fca.js]
[www.yogainindia.co.in/blogyoga/wp-content/themes/espresso/js/jquery-mmenu/js/jquery.mmenu.min.all2fca.js]
[www.yogainindia.co.in/blogyoga/wp-content/themes/espresso/js/main2fca.js]
[www.yogainindia.co.in/blogyoga/wp-includes/js/jquery/ui/effect.mine899.js]
[www.yogainindia.co.in/blogyoga/wp-includes/js/jquery/ui/effect-fade.mine899.js]
[www.yogainindia.co.in/blogyoga/wp-includes/js/jquery/ui/core.mine899.js]
[www.yogainindia.co.in/blogyoga/wp-includes/js/jquery/ui/widget.mine899.js]
[www.yogainindia.co.in/blogyoga/wp-includes/js/jquery/ui/accordion.mine899.js]
[www.yogainindia.co.in/blogyoga/wp-includes/js/jquery/ui/tabs.mine899.js]
[www.yogainindia.co.in/blogyoga/wp-content/themes/espresso/js/shortcodes2fca.js]
[www.yogainindia.co.in/blogyoga/wp-content/plugins/newsletter/subscription/validate7661.js]
[www.yogainindia.co.in/blogyoga/wp-content/plugins/best-editor/inc/bootstrap/js/bootstrap.min7433.js]
[www.yogainindia.co.in/blogyoga/wp-includes/js/wp-embed.minaead.js]
[www.google.com/recaptcha/apide95.js]
[www.yogainindia.co.in/blogyoga/index.html]
[platform-api.sharethis.com/js/sharethis.js]
[www.yogainindia.co.in/upload/yogaphoto/files/banner 1(1).jpg]
[www.yogainindia.co.in/upload/yogaphoto/images/rty.png]
[www.yogainindia.co.in/upload/yogaphoto/images/right_logo.png]
[www.yogainindia.co.in/admin/upload/events/1507295454.jpg]
[www.yogainindia.co.in/admin/upload/events/1507295663.jpg]
[www.yogainindia.co.in/admin/upload/events/1507295904.jpg]
[www.yogainindia.co.in/admin/upload/events/1507295995.jpg]
[www.yogainindia.co.in/admin/upload/events/1507296072.jpg]
[www.yogainindia.co.in/admin/upload/events/1507535241.jpg]
[www.yogainindia.co.in/admin/upload/events/1507535323.jpg]
[www.yogainindia.co.in/admin/upload/events/1507535419.jpg]
[www.yogainindia.co.in/admin/upload/events/1507539097.jpg]
[www.yogainindia.co.in/admin/upload/events/1507539215.jpg]
[www.yogainindia.co.in/page/studentList/2.html]
[www.yogainindia.co.in/page/studentList/3.html]
[www.yogainindia.co.in/page/studentList.html]
[www.yogainindia.co.in/page/studentList/17.html]
[www.yogainindia.co.in/admin/upload/events/1529819727.jpg]
[www.yogainindia.co.in/admin/upload/events/1531656416.jpg]
[www.yogainindia.co.in/admin/upload/events/1531656512.jpg]
[www.yogainindia.co.in/admin/upload/events/1531656559.jpg]
[www.yogainindia.co.in/admin/upload/events/1531656633.jpg]
[www.yogainindia.co.in/admin/upload/events/1531656730.jpg]
[www.yogainindia.co.in/admin/upload/events/1531656791.jpg]
[www.yogainindia.co.in/admin/upload/events/1531656841.jpg]
[www.yogainindia.co.in/admin/upload/events/1531656895.jpg]
[www.yogainindia.co.in/admin/upload/events/1531656970.jpg]
[www.yogainindia.co.in/page/studentListUSA/2.html]
[www.yogainindia.co.in/page/studentListUSA/3.html]
[www.yogainindia.co.in/page/studentListUSA.html]
[translate.google.com/translate_a/elementa0d8.html]
[www.yogainindia.co.in/page/studentListUSA/6.html]
[www.yogainindia.co.in/page/courses/googleeb4e81db68cfe90f.html]
[www.yogainindia.co.in/assets/img/cards.png]
[www.yogainindia.co.in/upload/yogaphoto/files/rys-200-yoga-alliance.jpg]
[www.yogainindia.co.in/upload/yogaphoto/files/RSY50(1).png]
[www.yogainindia.co.in/upload/yogaphoto/files/food(1).jpg]
[www.yogainindia.co.in/page/courses/8-Days-Yoga-for-Beginners-Course-In-Rishikesh-Haridwar-India.html]
[www.yogainindia.co.in/upload/yogaphoto/files/RSY100.png]
[www.yogainindia.co.in/page/courses/15-days-100hour-ashtanga-hatha-yoga-ttc-in-rishikesh-indi.html]
[www.yogainindia.co.in/upload/yogaphoto/files/rys,ryt,ya.jpg]
[www.yogainindia.co.in/upload/yogaphoto/files/pic 1(5).jpg]
[www.yogainindia.co.in/upload/yogaphoto/files/pic 2(1).jpg]
[www.yogainindia.co.in/upload/yogaphoto/files/200 hour invitation.jpg]
[www.yogainindia.co.in/page/courses/30-days-200-hour-Ashtanga-and-Hatha-Yoga-Teacher-Training-In-Rishikesh-Haridwar-India.html]
[www.yogainindia.co.in/upload/yogaphoto/files/300hr-registered-yoga-school-rishikesh-haridwar-india.png]
[www.yogainindia.co.in/upload/yogaphoto/files/300 hour course.jpg]
[www.yogainindia.co.in/upload/yogaphoto/files/Maharishi Patanjali(1).jpg]
[www.yogainindia.co.in/upload/yogaphoto/files/Ved Vyas Ji.jpg]
[www.yogainindia.co.in/upload/yogaphoto/files/Sri K_ Pattabhi Jois.jpg]
[www.yogainindia.co.in/upload/yogaphoto/files/gheranda rishi(1).jpg]
[www.yogainindia.co.in/upload/yogaphoto/files/sivanand saraswati.jpg]
[www.yogainindia.co.in/upload/yogaphoto/files/hatha yogi.jpg]
[www.yogainindia.co.in/upload/yogaphoto/files/yoga anatomy(1).jpg]
[www.yogainindia.co.in/page/courses/45-days-300-hour-ashtanga-and-hatha-yoga-teacher-training.html]
[www.yogainindia.co.in/upload/yogaphoto/files/rsy500.png]
[www.yogainindia.co.in/upload/yogaphoto/files/pic 1(3).jpg]
[www.yogainindia.co.in/page/courses/60-Days-500Hour-Ashtanga-and-Hatha-Yoga-Teacher-Training-In-Rishikesh-Haridwar-India.html]
[www.yogainindia.co.in/upload/yogaphoto/files/Maharishi Patanjali.jpg]
[www.yogainindia.co.in/upload/yogaphoto/files/ashtanga yoga ttc.jpg]
[www.yogainindia.co.in/page/courses/30-days-200-hour-ashtanga-yoga-teacher-training.html]
[www.yogainindia.co.in/upload/yogaphoto/files/hatha yoga ttc.jpg]
[www.yogainindia.co.in/upload/yogaphoto/files/hatha yoga 1.jpg]
[www.yogainindia.co.in/page/courses/30-days-200-hour-hatha-yoga-teacher-training.html]
[www.yogainindia.co.in/upload/yogaphoto/files/yoga anatomy.jpg]
[www.yogainindia.co.in/upload/yogaphoto/files/marma therapy.jpg]
[www.yogainindia.co.in/upload/yogaphoto/files/sujok therapy.jpg]
[www.yogainindia.co.in/upload/yogaphoto/files/reflexology therapy.jpg]
[www.yogainindia.co.in/upload/yogaphoto/files/pranic healing.jpg]
[www.yogainindia.co.in/page/courses/30-days-200-hour-yoga-anatomy-and-therapy-teacher-training.html]
[www.yogainindia.co.in/upload/yogaphoto/files/rty logo.png]
[www.yogainindia.co.in/upload/yogaphoto/files/pic 1(4).jpg]
[www.yogainindia.co.in/page/courses/20-days-100-hour-yoga-for-pregnancy-teacher-training-course-in-rishikesh-haridwar-india.html]
[www.yogainindia.co.in/upload/yogaphoto/files/Ashtanga.png]
[www.yogainindia.co.in/page/courses/15-days-100-hour-yoga-for-oldage-teacher-training-course-in-rishikesh-haridwar-india.html]
[www.yogainindia.co.in/page/courses/15-days-100-hour-yoga-for-kids-teacher-training-course-in-rishikesh-haridwar-india.html]
[www.yogainindia.co.in/upload/yogaphoto/files/chakras.jpg]
[www.yogainindia.co.in/upload/yogaphoto/files/Chakra-Meditation-.jpg]
[www.yogainindia.co.in/page/courses/11-days-50-hour-kundalini-yoga-teacher-training-course-in-rishikesh-haridwar-india.html]
[www.yogainindia.co.in/page/courses/3-days-reiki-level-i-in-rishikesh-haridwar-india.html]
[www.yogainindia.co.in/page/courses/3-days-reiki-level-ii-in-rishikesh-haridwar-india.html]
[www.yogainindia.co.in/page/courses/5-days-reiki-level-iii-in-rishikesh-haridwar-india.html]
[www.yogainindia.co.in/page/activity/googleeb4e81db68cfe90f.html]
[www.yogainindia.co.in/upload/yogaphoto/files/cover pic.jpg]
[www.yogainindia.co.in/page/activity/200hour-yoga-teacher-training-course.html]
[www.yogainindia.co.in/page/activity/11-days-kundalini-yoga-course-in-rishikesh-indi.html]
[www.yogainindia.co.in/page/activity/yoga-for-beginners-course.html]
[www.yogainindia.co.in/page/activity/yoga-for-pregnancy-teacher-training-course.html]
[www.yogainindia.co.in/admin/upload/page/1543161732.jpg]
[www.yogainindia.co.in/upload/yogaphoto/files/1_ Yuki miyata.png]
[www.yogainindia.co.in/upload/yogaphoto/files/ayaka uozumi.jpg]
[www.yogainindia.co.in/upload/yogaphoto/files/kosuke sawabe.jpg]
[www.yogainindia.co.in/upload/yogaphoto/files/46_ Aya Ueha.jpg]
[www.yogainindia.co.in/upload/yogaphoto/files/60_ Saki Takagi.jpg]
[www.yogainindia.co.in/upload/yogaphoto/files/61_ Mari Yokomaku.jpg]
[www.yogainindia.co.in/upload/yogaphoto/files/70_ Yuki Yamamoto.jpg]
[www.yogainindia.co.in/yoga-student-review.html]
[www.yogainindia.co.in/yoga-teacher-training-for-beginners-in-indi.html]
[www.yogainindia.co.in/300hr-ashtanga-hatha-yoga-teacher-training-in-indi.html]
[www.yogainindia.co.in/500hr-ashtanga-hatha-yoga-teacher-training-in-indi.html]
[www.yogainindia.co.in/kundalini-yoga-teacher-training-in-indi.html]
[www.yogainindia.co.in/yoga-for-pregnancy-teacher-training-in-indi.html]
[www.yogainindia.co.in/yoga-for-oldage-and-kids-training-course-in-indi.html]
[www.yogainindia.co.in/assets/js/images/ui-icons_444444_256x240.png]
[www.yogainindia.co.in/assets/js/images/ui-icons_555555_256x240.png]
[www.yogainindia.co.in/assets/js/images/ui-icons_ffffff_256x240.png]
[www.yogainindia.co.in/assets/js/images/ui-icons_777620_256x240.png]
[www.yogainindia.co.in/assets/js/images/ui-icons_cc0000_256x240.png]
[www.yogainindia.co.in/assets/js/images/ui-icons_777777_256x240.png]
[www.yogainindia.co.in/assets/js/jquery-ui.css]
[www.yogainindia.co.in/assets/font/fa/fontawesome-webfont3e6e.svg]
[www.yogainindia.co.in/assets/img/svg/arrow_left.svg]
[www.yogainindia.co.in/page/googleeb4e81db68cfe90f.html]
[www.yogainindia.co.in/yoga-training-course-for-beginners-indi.html]
[www.yogainindia.co.in/200-hour-yoga-teacher-training-in-rishikesh-indi.html]
[www.yogainindia.co.in/300-hour-yoga-teacher-training-in-rishikesh-indi.html]
[www.yogainindia.co.in/500-hour-yoga-teacher-training-in-rishikesh-indi.html]
[www.yogainindia.co.in/kundalini-yoga-training-course-in-rishikesh-indi.html]
[www.yogainindia.co.in/yoga-for-pregnancy-training-course-in-rishikesh-indi.html]
[www.yogainindia.co.in/page/accomodationgallery/googleeb4e81db68cfe90f.html]
[www.yogainindia.co.in/assets/gallery/images/right-arrow.png]
[www.yogainindia.co.in/assets/gallery/images/left-arrow.png]
[www.yogainindia.co.in/assets/gallery/images/download.png]
[www.yogainindia.co.in/assets/gallery/img/vimeo-play.png]
[www.yogainindia.co.in/assets/gallery/img/video-play.png]
[www.yogainindia.co.in/assets/gallery/img/youtube-play.png]
[www.yogainindia.co.in/assets/gallery/images/play.png]
[www.yogainindia.co.in/assets/gallery/images/zoom-in.png]
[www.yogainindia.co.in/assets/gallery/images/actual-size.png]
[www.yogainindia.co.in/assets/gallery/images/zoom-out.png]
[www.yogainindia.co.in/assets/gallery/images/fullscreen.png]
[www.yogainindia.co.in/assets/gallery/images/share.png]
[www.yogainindia.co.in/assets/gallery/img/loading.gif]
[www.yogainindia.co.in/assets/gallery/css/gallery.css]
[www.yogainindia.co.in/assets/gallery/css/gallery4e44.css]
[www.yogainindia.co.in/page/photogallery/googleeb4e81db68cfe90f.html]
[www.yogainindia.co.in/admin/images/gallery/medium/20181220.jpg]
[www.yogainindia.co.in/admin/images/gallery/medium/201812201.jpg]
[www.yogainindia.co.in/admin/images/gallery/medium/201812202.jpg]
[www.yogainindia.co.in/admin/images/gallery/medium/201812203.jpg]
[www.yogainindia.co.in/admin/images/gallery/medium/201812204.jpg]
[www.yogainindia.co.in/admin/images/gallery/medium/201812205.jpg]
[www.yogainindia.co.in/admin/images/gallery/medium/201812206.jpg]
[www.yogainindia.co.in/assets/gallery/galleryJS/lightgallery.min.js]
[www.yogainindia.co.in/assets/gallery/galleryJS/lg-autoplay.min.js]
[www.yogainindia.co.in/assets/gallery/galleryJS/lg-fullscreen.min.js]
[www.yogainindia.co.in/assets/gallery/galleryJS/lg-zoom.min.js]
[www.yogainindia.co.in/assets/gallery/galleryJS/lg-thumbnail.min.js]
[www.yogainindia.co.in/page/photogallery/gallery1.html]
[www.yogainindia.co.in/blogyoga/wp-content/plugins/wp-customer-reviews/css/newstars.png]
[www.yogainindia.co.in/blogyoga/wp-content/plugins/wp-customer-reviews/css/wp-customer-reviews-generated20f0.css]
[www.yogainindia.co.in/blogyoga/wp-includes/css/dist/block-library/style.minaead.css]
[www.yogainindia.co.in/blogyoga/wp-content/plugins/frontier-post/frontier-posta94e.css]
[www.yogainindia.co.in/blogyoga/wp-content/themes/espresso/components/font-icons/entypo/font/entypo994c.eot]
[www.yogainindia.co.in/blogyoga/wp-content/themes/espresso/components/font-icons/entypo/font/entypo994c.woff]
[www.yogainindia.co.in/blogyoga/wp-content/themes/espresso/components/font-icons/entypo/font/entypo994c.ttf]
[www.yogainindia.co.in/blogyoga/wp-content/themes/espresso/components/font-icons/entypo/css/entypo2fca.css]
[www.yogainindia.co.in/blogyoga/wp-content/themes/espresso/components/font-icons/social-icons/font/zocial50ac.eot]
[www.yogainindia.co.in/blogyoga/wp-content/themes/espresso/components/font-icons/social-icons/font/zocial50ac.woff]
[www.yogainindia.co.in/blogyoga/wp-content/themes/espresso/components/font-icons/social-icons/font/zocial50ac.ttf]
[www.yogainindia.co.in/blogyoga/wp-content/themes/espresso/components/font-icons/social-icons/css/zocial2fca.css]
[www.yogainindia.co.in/blogyoga/wp-content/themes/espresso/css/bootstrap2fca.css]
[www.yogainindia.co.in/blogyoga/wp-content/themes/espresso/js/jquery-mmenu/css/jquery.mmenu.custom2fca.css]
[www.yogainindia.co.in/blogyoga/wp-content/themes/espresso/images/stripe-white.png]
[www.yogainindia.co.in/blogyoga/wp-content/themes/espresso/style2fca.css]
[www.yogainindia.co.in/blogyoga/wp-content/plugins/newsletter/subscription/style7661.css]
[www.yogainindia.co.in/blogyoga/wp-content/plugins/best-editor/inc/font-awesome/fonts/fontawesome-webfont3e6e.eot]
[www.yogainindia.co.in/blogyoga/wp-content/plugins/best-editor/inc/font-awesome/fonts/fontawesome-webfontd41d.eot]
[www.yogainindia.co.in/blogyoga/wp-content/plugins/best-editor/inc/font-awesome/fonts/fontawesome-webfont3e6e.woff2]
[www.yogainindia.co.in/blogyoga/wp-content/plugins/best-editor/inc/font-awesome/fonts/fontawesome-webfont3e6e.woff]
[www.yogainindia.co.in/blogyoga/wp-content/plugins/best-editor/inc/font-awesome/fonts/fontawesome-webfont3e6e.ttf]
[www.yogainindia.co.in/blogyoga/wp-content/plugins/best-editor/inc/font-awesome/css/font-awesome.min1849.css]
[www.yogainindia.co.in/blogyoga/wp-content/plugins/best-editor/inc/bootstrap/fonts/glyphicons-halflings-regular.eot]
[www.yogainindia.co.in/blogyoga/wp-content/plugins/best-editor/inc/bootstrap/fonts/glyphicons-halflings-regulard41d.eot]
[www.yogainindia.co.in/blogyoga/wp-content/plugins/best-editor/inc/bootstrap/fonts/glyphicons-halflings-regular.woff2]
[www.yogainindia.co.in/blogyoga/wp-content/plugins/best-editor/inc/bootstrap/fonts/glyphicons-halflings-regular.woff]
[www.yogainindia.co.in/blogyoga/wp-content/plugins/best-editor/inc/bootstrap/fonts/glyphicons-halflings-regular.ttf]
[www.yogainindia.co.in/blogyoga/wp-content/plugins/best-editor/inc/bootstrap/css/bootstrap.min7433.css]
[www.yogainindia.co.in/blogyoga/wp-content/plugins/profile-builder/assets/images/sorting-default.png]
[www.yogainindia.co.in/blogyoga/wp-content/plugins/profile-builder/assets/images/sorting-ascending.png]
[www.yogainindia.co.in/blogyoga/wp-content/plugins/profile-builder/assets/images/sorting-descending.png]
[www.yogainindia.co.in/blogyoga/wp-content/plugins/profile-builder/assets/css/style-front-end1102.css]
[www.yogainindia.co.in/blogyoga/xmlrpc.php]
[www.yogainindia.co.in/page/class.html]
[www.yogainindia.co.in/blogyoga/search/index.html]
[www.yogainindia.co.in/blogyoga/wp-content/uploads/2018/05/20180504_195252-360x240.png]
[www.yogainindia.co.in/blogyoga/category/yoga/feed/index.html]
[www.yogainindia.co.in/blogyoga/2018/05/04/om-yoga-international-yoga-student-reviews-2/index.html]
[www.yogainindia.co.in/blogyoga/2018/05/01/what-is-stress-and-how-to-manage-stress/index.html]
[www.yogainindia.co.in/blogyoga/wp-content/uploads/2018/05/stress-360x240.jpg]
[www.yogainindia.co.in/blogyoga/wp-content/uploads/2018/04/A-Brief-History-of-Yoga-360x235.jpg]
[www.yogainindia.co.in/blogyoga/category/yoga/index.html]
[www.yogainindia.co.in/blogyoga/wp-json/oembed/1.0/embed6b22.json]
[www.yogainindia.co.in/blogyoga/author/ruchika-sharan08gmail-com/index.html]
[www.yogainindia.co.in/blogyoga/2018/04/24/what-is-yoga/index.html]
[www.yogainindia.co.in/blogyoga/2019/02/24/meditation/feed/index.html]
[www.yogainindia.co.in/blogyoga/wp-json/oembed/1.0/embed181e]
[www.yogainindia.co.in/blogyoga/wp-includes/js/comment-reply.minaead.js]
[www.yogainindia.co.in/blogyoga/2019/02/24/meditation/index.html]
[www.yogainindia.co.in/blogyoga/author/mohan/index.html]
[www.yogainindia.co.in/blogyoga/author/mohan/feed/index.html]
[www.yogainindia.co.in/blogyoga/wp-json/oembed/1.0/embed266b.json]
[www.yogainindia.co.in/blogyoga/2019/02/03/307/feed/index.html]
[www.yogainindia.co.in/blogyoga/wp-json/oembed/1.0/embedf393]
[www.yogainindia.co.in/blogyoga/2019/02/03/307/index.html]
[www.yogainindia.co.in/blogyoga/wp-json/oembed/1.0/embeda05c.json]
[www.yogainindia.co.in/blogyoga/2019/01/30/all-power-is-within-youyou-can-do-anything-and-/feed/index.html]
[www.yogainindia.co.in/blogyoga/wp-json/oembed/1.0/embed461a]
[www.yogainindia.co.in/blogyoga/2019/01/30/all-power-is-within-youyou-can-do-anything-and-/index.html]
[www.yogainindia.co.in/blogyoga/category/yoga-student-reviews/index.html]
[www.yogainindia.co.in/blogyoga/category/yoga-student-reviews/feed/index.html]
[www.yogainindia.co.in/blogyoga/wp-json/oembed/1.0/embedd750.json]
[www.yogainindia.co.in/blogyoga/2019/01/29/kundalini-ttc/feed/index.html]
[www.yogainindia.co.in/blogyoga/wp-json/oembed/1.0/embed2f55]
[www.yogainindia.co.in/blogyoga/2019/01/29/kundalini-ttc/index.html]
[www.yogainindia.co.in/blogyoga/author/maura/index.html]
[www.yogainindia.co.in/blogyoga/author/maura/feed/index.html]
[www.yogainindia.co.in/blogyoga/tag/feedback/index.html]
[www.yogainindia.co.in/blogyoga/wp-json/oembed/1.0/embeddbad.json]
[www.yogainindia.co.in/blogyoga/2018/05/07/sun-salutation-yoga-pose-surya-namaskar/feed/index.html]
[www.yogainindia.co.in/blogyoga/wp-json/oembed/1.0/embed8210]
[www.yogainindia.co.in/blogyoga/wp-content/uploads/2018/05/mkhi.jpg]
[www.yogainindia.co.in/blogyoga/wp-content/uploads/2018/05/Radhika-Sharan-1-150x150.png]
[www.yogainindia.co.in/blogyoga/wp-content/uploads/2018/05/asanas-165x116.jpg]
[www.yogainindia.co.in/blogyoga/2018/05/07/sun-salutation-yoga-pose-surya-namaskar/index.html]
[www.yogainindia.co.in/blogyoga/wp-content/uploads/2018/05/asanas-360x240.jpg]
[www.yogainindia.co.in/blogyoga/category/asanas/index.html]
[www.yogainindia.co.in/blogyoga/category/asanas/feed/index.html]
[www.yogainindia.co.in/blogyoga/2018/05/01/what-is-asana/index.html]
[www.yogainindia.co.in/blogyoga/author/aaytrustgmail-com/index.html]
[www.yogainindia.co.in/blogyoga/author/aaytrustgmail-com/feed/index.html]
[www.yogainindia.co.in/blogyoga/wp-json/oembed/1.0/embeda588.json]
[www.yogainindia.co.in/blogyoga/2018/05/05/pranayama/feed/index.html]
[www.yogainindia.co.in/blogyoga/wp-json/oembed/1.0/embed9c64]
[www.yogainindia.co.in/blogyoga/wp-content/uploads/2018/05/pranayam.jpg]
[www.yogainindia.co.in/blogyoga/2018/05/05/pranayama/index.html]
[www.yogainindia.co.in/blogyoga/category/pranayama/index.html]
[www.yogainindia.co.in/blogyoga/category/pranayama/feed/index.html]
[www.yogainindia.co.in/blogyoga/wp-json/oembed/1.0/embed61a9.json]
[www.yogainindia.co.in/blogyoga/2018/05/05/pranayama/index41b7.html]
[www.yogainindia.co.in/blogyoga/2018/05/05/yogic-diet/feed/index.html]
[www.yogainindia.co.in/blogyoga/wp-json/oembed/1.0/embedfb4f]
[www.yogainindia.co.in/blogyoga/wp-content/uploads/2018/05/Chanakya-Niti-Nature-of-diet2.jpg]
[www.yogainindia.co.in/blogyoga/wp-content/uploads/2018/04/20180409_125622-1-150x150.jpg]
[www.yogainindia.co.in/blogyoga/wp-content/uploads/2018/05/indian-vegetarian-diet-for-weight-loss-165x116.jpg]
[www.yogainindia.co.in/blogyoga/2018/05/05/yogic-diet/index.html]
[www.yogainindia.co.in/blogyoga/category/food-good-for-yogi/index.html]
[www.yogainindia.co.in/blogyoga/category/food-good-for-yogi/feed/index.html]
[www.yogainindia.co.in/blogyoga/wp-content/uploads/2018/04/234-360x240.jpg]
[www.yogainindia.co.in/blogyoga/author/admin/index.html]
[www.yogainindia.co.in/blogyoga/2018/05/05/ac-का-सही-उपयोग/index.html]
[www.yogainindia.co.in/blogyoga/author/admin/feed/index.html]
[www.yogainindia.co.in/blogyoga/category/healthy-health/index.html]
[www.yogainindia.co.in/blogyoga/category/healthy-health/feed/index.html]
[www.yogainindia.co.in/blogyoga/2018/04/28/300hour-yoga-ttc/index.html]
[www.yogainindia.co.in/blogyoga/wp-json/oembed/1.0/embed87ee.json]
[www.yogainindia.co.in/blogyoga/2018/05/05/diet-2/feed/index.html]
[www.yogainindia.co.in/blogyoga/wp-json/oembed/1.0/embede746]
[www.yogainindia.co.in/blogyoga/wp-content/uploads/2018/05/Chanakya-Niti-Nature-of-diet-hindi.jpg]
[www.yogainindia.co.in/blogyoga/wp-content/uploads/2018/05/on-ac-sleeping-165x116.jpg]
[www.yogainindia.co.in/blogyoga/2018/05/05/diet-2/index.html]
[www.yogainindia.co.in/blogyoga/wp-json/oembed/1.0/embed0cd5.json]
[www.yogainindia.co.in/blogyoga/2018/05/05/diet/feed/index.html]
[www.yogainindia.co.in/blogyoga/wp-json/oembed/1.0/embed2cbf]
[www.yogainindia.co.in/blogyoga/wp-content/uploads/2018/05/indian-vegetarian-diet-for-weight-loss.jpg]
[www.yogainindia.co.in/blogyoga/wp-content/uploads/2018/05/Screenshot_20180505-1803232-258x300.png]
[www.yogainindia.co.in/blogyoga/wp-content/uploads/2018/05/Chanakya-Niti-Nature-of-diet2-165x116.jpg]
[www.yogainindia.co.in/blogyoga/2018/05/05/diet/index.html]
[www.yogainindia.co.in/blogyoga/wp-content/uploads/2018/05/hatha-yoga-importance-360x240.jpg]
[www.yogainindia.co.in/blogyoga/page/2/index.html]
[www.yogainindia.co.in/blogyoga/2018/05/01/importance-of-hatha-yoga/index.html]
[www.yogainindia.co.in/blogyoga/wp-json/oembed/1.0/embed48c0.json]
[www.yogainindia.co.in/blogyoga/author/ramlakhan-vns1291gmail-com/index.html]
[www.yogainindia.co.in/blogyoga/wp-json/oembed/1.0/embed021c]
[www.yogainindia.co.in/blogyoga/registration/index.html]
[www.yogainindia.co.in/blogyoga/wp-json/oembed/1.0/embed6474.json]
[www.yogainindia.co.in/blogyoga/wp-json/oembed/1.0/embed54be]
[www.yogainindia.co.in/blogyoga/my-posts/index.html]
[www.yogainindia.co.in/blogyoga/wp-login.html]
[www.yogainindia.co.in/blogyoga/wp-json/oembed/1.0/embed3508.json]
[www.yogainindia.co.in/blogyoga/2018/04/26/what-is-the-requirement-of-yoga/feed/index.html]
[www.yogainindia.co.in/blogyoga/wp-json/oembed/1.0/embedb437]
[www.yogainindia.co.in/blogyoga/wp-content/uploads/2018/04/necessity-of-yoga-1-300x161.png]
[www.yogainindia.co.in/blogyoga/wp-content/uploads/2018/04/necessity-of-yoga-2-300x169.jpg]
[www.yogainindia.co.in/blogyoga/2018/04/26/what-is-the-requirement-of-yoga/index.html]
[www.yogainindia.co.in/blogyoga/wp-json/oembed/1.0/embed2b39.json]
[www.yogainindia.co.in/blogyoga/2018/04/22/hello-world/feed/index.html]
[www.yogainindia.co.in/blogyoga/2018/04/26/what-is-the-requirement-of-yoga/index8e42.html]
[www.yogainindia.co.in/blogyoga/wp-json/oembed/1.0/embed2aa5]
[www.yogainindia.co.in/blogyoga/wp-content/uploads/2018/04/A-Brief-History-of-Yoga.jpg]
[www.yogainindia.co.in/blogyoga/2018/04/22/hello-world/index.html]
[www.yogainindia.co.in/blogyoga/2019/02/index.html]
[www.yogainindia.co.in/blogyoga/2019/01/index.html]
[www.yogainindia.co.in/blogyoga/2018/04/22/hello-world/index6809.html]
[www.yogainindia.co.in/blogyoga/2018/05/index.html]
[www.yogainindia.co.in/blogyoga/2018/04/index.html]
[www.yogainindia.co.in/blogyoga/category/300hour-yoga-ttc/index.html]
[www.yogainindia.co.in/blogyoga/category/300hour-yoga-ttc/feed/index.html]
[www.yogainindia.co.in/blogyoga/category/hatha-yoga/feed/index.html]
[www.yogainindia.co.in/blogyoga/category/hatha-yoga/index.html]
[www.yogainindia.co.in/blogyoga/category/stressmanagement/index.html]
[translate.google.com/translate_a/element7876.html]
[www.yogainindia.co.in/page/studentList/googleeb4e81db68cfe90f.html]
[www.yogainindia.co.in/admin/upload/events/1507540102.jpg]
[www.yogainindia.co.in/blogyoga/category/stressmanagement/feed/index.html]
[www.yogainindia.co.in/admin/upload/events/1507540393.jpg]
[www.yogainindia.co.in/admin/upload/events/1507540474.jpg]
[www.yogainindia.co.in/admin/upload/events/1507540653.jpg]
[www.yogainindia.co.in/admin/upload/events/1507545406.jpg]
[www.yogainindia.co.in/admin/upload/events/1507545499.jpg]
[www.yogainindia.co.in/admin/upload/events/1507545608.jpg]
[www.yogainindia.co.in/admin/upload/events/1507545795.jpg]
[www.yogainindia.co.in/admin/upload/events/1507545874.jpg]
[www.yogainindia.co.in/admin/upload/events/1507545943.jpg]
[www.yogainindia.co.in/page/studentList/1.html]
[www.yogainindia.co.in/page/studentList/2.html]
[www.yogainindia.co.in/page/studentList/4.html]
[www.yogainindia.co.in/page/studentList/index.html]
[www.yogainindia.co.in/admin/upload/events/1507546032.jpg]
[www.yogainindia.co.in/admin/upload/events/1507546584.jpg]
[www.yogainindia.co.in/admin/upload/events/1507546674.jpg]
[www.yogainindia.co.in/admin/upload/events/1507546748.jpg]
[www.yogainindia.co.in/admin/upload/events/1507546841.jpg]
[www.yogainindia.co.in/admin/upload/events/1507548587.jpg]
[www.yogainindia.co.in/admin/upload/events/1507548662.jpg]
[www.yogainindia.co.in/admin/upload/events/1507549411.jpg]
[www.yogainindia.co.in/admin/upload/events/1507550228.jpg]
[www.yogainindia.co.in/admin/upload/events/1507550292.jpg]
[www.yogainindia.co.in/page/studentList/3.html]
[www.yogainindia.co.in/page/studentList/5.html]
[www.yogainindia.co.in/page/studentList/16.html]
[www.yogainindia.co.in/page/studentList/17.html]
[www.yogainindia.co.in/page/studentList/15.html]
[www.yogainindia.co.in/page/studentListUSA/googleeb4e81db68cfe90f.html]
[www.yogainindia.co.in/admin/upload/events/1532253717.jpg]
[www.yogainindia.co.in/admin/upload/events/1532253798.jpg]
[www.yogainindia.co.in/admin/upload/events/1532253848.jpg]
[www.yogainindia.co.in/admin/upload/events/1534178431.jpg]
[www.yogainindia.co.in/admin/upload/events/1534178510.jpg]
[www.yogainindia.co.in/admin/upload/events/1534178632.jpg]
[www.yogainindia.co.in/admin/upload/events/1534178807.jpg]
[www.yogainindia.co.in/admin/upload/events/1534178855.jpg]
[www.yogainindia.co.in/admin/upload/events/1534178921.jpg]
[www.yogainindia.co.in/admin/upload/events/1534179049.jpg]
[www.yogainindia.co.in/page/studentListUSA/1.html]
[www.yogainindia.co.in/page/studentListUSA/2.html]
[www.yogainindia.co.in/page/studentListUSA/4.html]
[www.yogainindia.co.in/page/studentListUSA/index.html]
[www.yogainindia.co.in/admin/upload/events/1534179108.jpg]
[www.yogainindia.co.in/admin/upload/events/1534179162.jpg]
[www.yogainindia.co.in/admin/upload/events/1534179418.jpg]
[www.yogainindia.co.in/admin/upload/events/1543335568.jpg]
[www.yogainindia.co.in/admin/upload/events/1543335642.jpg]
[www.yogainindia.co.in/admin/upload/events/1543335717.jpg]
[www.yogainindia.co.in/admin/upload/events/1543335768.jpg]
[www.yogainindia.co.in/admin/upload/events/1543336643.jpg]
[www.yogainindia.co.in/admin/upload/events/1543336715.jpg]
[www.yogainindia.co.in/admin/upload/events/1543336788.jpg]
[www.yogainindia.co.in/page/studentListUSA/3.html]
[www.yogainindia.co.in/page/studentListUSA/5.html]
[www.yogainindia.co.in/admin/upload/events/1551622797.jpg]
[www.yogainindia.co.in/admin/upload/events/1551623000.jpg]
[www.yogainindia.co.in/admin/upload/events/1551623171.jpg]
[www.yogainindia.co.in/admin/upload/events/1551623335.jpg]
[www.yogainindia.co.in/page/studentListUSA/6.html]
[www.yogainindia.co.in/page/courses/googleeb4e81db68cfe90f.html]
[www.yogainindia.co.in/admin/upload/events/_div style=]
[www.yogainindia.co.in/page/activity/googleeb4e81db68cfe90f.html]
[www.yogainindia.co.in/assets/js/images/ui-icons_ffffff_256x240.html]
[www.yogainindia.co.in/assets/js/images/ui-icons_777620_256x240.html]
[www.yogainindia.co.in/assets/js/images/ui-icons_cc0000_256x240.html]
[www.yogainindia.co.in/assets/js/images/ui-icons_777777_256x240.html]
[www.yogainindia.co.in/assets/gallery/img/vimeo-play.html]
[www.yogainindia.co.in/assets/gallery/img/video-play.html]
[www.yogainindia.co.in/assets/gallery/img/youtube-play.html]
[www.yogainindia.co.in/assets/gallery/images/share.html]
[www.yogainindia.co.in/page/photogallery/googleeb4e81db68cfe90f.html]
[www.yogainindia.co.in/blogyoga/wp-content/themes/espresso/components/font-icons/entypo/font/entypo994c.svg]
[www.yogainindia.co.in/blogyoga/wp-content/themes/espresso/components/font-icons/social-icons/font/zocial50ac.svg]
[www.yogainindia.co.in/blogyoga/wp-content/plugins/best-editor/inc/font-awesome/fonts/fontawesome-webfont3e6e.svg]
[www.yogainindia.co.in/blogyoga/wp-content/plugins/best-editor/inc/bootstrap/fonts/glyphicons-halflings-regular.svg]
[www.yogainindia.co.in/blogyoga/wp-json/oembed/1.0/embede645.json]
[www.yogainindia.co.in/blogyoga/2018/05/04/om-yoga-international-yoga-student-reviews-2/feed/index.html]
[www.yogainindia.co.in/blogyoga/wp-json/oembed/1.0/embed2280]
[www.yogainindia.co.in/blogyoga/2018/05/04/om-yoga-international-yoga-student-reviews-2/index.html]
[www.yogainindia.co.in/blogyoga/wp-json/oembed/1.0/embed93c8.json]
[www.yogainindia.co.in/blogyoga/2018/05/01/what-is-stress-and-how-to-manage-stress/feed/index.html]
[www.yogainindia.co.in/blogyoga/wp-json/oembed/1.0/embed23eb]
[www.yogainindia.co.in/blogyoga/wp-content/uploads/2018/05/stress.jpg]
[www.yogainindia.co.in/blogyoga/wp-content/uploads/2018/05/stress-750x500.jpg]
[www.yogainindia.co.in/blogyoga/wp-content/uploads/2018/05/stress-arousal-300x239.jpg]
[www.yogainindia.co.in/blogyoga/wp-content/uploads/2018/05/stress_feature-300x214.png]
[www.yogainindia.co.in/blogyoga/wp-content/uploads/2018/05/necessity-of-yoga-2-300x169.jpg]
[www.yogainindia.co.in/blogyoga/wp-content/uploads/2018/05/pranayama.jpg]
[www.yogainindia.co.in/blogyoga/wp-content/uploads/2018/05/20180512_112556-150x150.jpg]
[www.yogainindia.co.in/blogyoga/2018/05/01/what-is-stress-and-how-to-manage-stress/index.html]
[www.yogainindia.co.in/blogyoga/tag/manage-stress/index.html]
[www.yogainindia.co.in/blogyoga/author/ruchika-sharan08gmail-com/index.html]
[www.yogainindia.co.in/blogyoga/author/ruchika-sharan08gmail-com/feed/index.html]
[www.yogainindia.co.in/blogyoga/tag/stress-relief/index.html]
[www.yogainindia.co.in/blogyoga/tag/what-is-stress/index.html]
[www.yogainindia.co.in/blogyoga/wp-json/oembed/1.0/embed223e.json]
[www.yogainindia.co.in/blogyoga/2018/04/24/what-is-yoga/feed/index.html]
[www.yogainindia.co.in/blogyoga/wp-json/oembed/1.0/embede19f]
[www.yogainindia.co.in/blogyoga/wp-content/uploads/2018/04/234-300x172.jpg]
[www.yogainindia.co.in/blogyoga/2018/04/24/what-is-yoga/index.html]
[www.yogainindia.co.in/blogyoga/index90b2.html]
[www.yogainindia.co.in/blogyoga/index2915.html]
[www.yogainindia.co.in/blogyoga/index1422.html]
[www.yogainindia.co.in/blogyoga/index5b31.html]
[www.yogainindia.co.in/blogyoga/tag/feedback/index.html]
[www.yogainindia.co.in/blogyoga/index6543.html]
[www.yogainindia.co.in/blogyoga/tag/feedback/feed/index.html]
[www.yogainindia.co.in/blogyoga/wp-json/oembed/1.0/embed5ea0.json]
[www.yogainindia.co.in/blogyoga/2018/05/01/what-is-asana/feed/index.html]
[www.yogainindia.co.in/blogyoga/wp-json/oembed/1.0/embed7942]
[www.yogainindia.co.in/blogyoga/wp-content/uploads/2018/05/asanas.jpg]
[www.yogainindia.co.in/blogyoga/wp-content/uploads/2018/05/mkhi-165x116.jpg]
[www.yogainindia.co.in/blogyoga/2018/05/01/what-is-asana/index.html]
[www.yogainindia.co.in/blogyoga/index548d.html]
[www.yogainindia.co.in/blogyoga/2018/05/05/pranayama/index41b7.html]
[www.yogainindia.co.in/blogyoga/index0c93.html]
[www.yogainindia.co.in/blogyoga/wp-json/oembed/1.0/embed87c0.json]
[www.yogainindia.co.in/blogyoga/2018/04/28/300hour-yoga-ttc/feed/index.html]
[www.yogainindia.co.in/blogyoga/wp-json/oembed/1.0/embed9c41]
[www.yogainindia.co.in/blogyoga/wp-content/uploads/2018/04/234.jpg]
[www.yogainindia.co.in/blogyoga/wp-content/uploads/2018/04/234-750x430.jpg]
[www.yogainindia.co.in/blogyoga/2018/04/28/300hour-yoga-ttc/index.html]
[www.yogainindia.co.in/blogyoga/index88a0.html]
[www.yogainindia.co.in/blogyoga/tag/300hour-yoga-ttc/index.html]
[www.yogainindia.co.in/blogyoga/tag/certified-yoga-courses/index.html]
[www.yogainindia.co.in/blogyoga/indexcfe0.html]
[www.yogainindia.co.in/blogyoga/tag/yoga-courses/index.html]
[www.yogainindia.co.in/blogyoga/tag/yoga-ttc/index.html]
[www.yogainindia.co.in/blogyoga/2018/05/01/importance-of-hatha-yoga/feed/index.html]
[www.yogainindia.co.in/blogyoga/wp-json/oembed/1.0/embedaec6.json]
[www.yogainindia.co.in/blogyoga/wp-json/oembed/1.0/embed5d6c]
[www.yogainindia.co.in/blogyoga/wp-content/uploads/2018/05/hatha-yoga-importance.jpg]
[www.yogainindia.co.in/blogyoga/wp-content/uploads/2018/05/hatha-yoga-importance-750x438.jpg]
[www.yogainindia.co.in/blogyoga/2018/05/01/importance-of-hatha-yoga/index.html]
[www.yogainindia.co.in/blogyoga/author/ramlakhan-vns1291gmail-com/index.html]
[www.yogainindia.co.in/blogyoga/indexcc0f.html]
[www.yogainindia.co.in/blogyoga/index0012.html]
[www.yogainindia.co.in/blogyoga/author/ramlakhan-vns1291gmail-com/feed/index.html]
[www.yogainindia.co.in/blogyoga/wp-login0ddc.html]
[www.yogainindia.co.in/blogyoga/wp-login.html]
[www.yogainindia.co.in/blogyoga/index7737.html]
[www.yogainindia.co.in/blogyoga/2018/04/26/what-is-the-requirement-of-yoga/index8e42.html]
[www.yogainindia.co.in/blogyoga/indexcff1.html]
[www.yogainindia.co.in/blogyoga/2018/04/22/hello-world/index6809.html]
[www.yogainindia.co.in/page/studentList/1.html]
[www.yogainindia.co.in/page/studentList/index.html]
[www.yogainindia.co.in/blogyoga/wp-loginc2b6.html]
[www.yogainindia.co.in/admin/upload/events/1507551355.jpg]
[www.yogainindia.co.in/page/studentList/googleeb4e81db68cfe90f.html]
[www.yogainindia.co.in/admin/upload/events/1507551574.jpg]
[www.yogainindia.co.in/admin/upload/events/1507551715.jpg]
[www.yogainindia.co.in/admin/upload/events/1507552651.jpg]
[www.yogainindia.co.in/admin/upload/events/1507552765.jpg]
[www.yogainindia.co.in/admin/upload/events/1507552907.jpg]
[www.yogainindia.co.in/admin/upload/events/1507552991.jpg]
[www.yogainindia.co.in/admin/upload/events/1507553992.jpg]
[www.yogainindia.co.in/admin/upload/events/1507554065.jpg]
[www.yogainindia.co.in/admin/upload/events/1507554266.jpg]
[www.yogainindia.co.in/page/studentList/4.html]
[www.yogainindia.co.in/page/studentList/6.html]
[www.yogainindia.co.in/admin/upload/events/1507554341.jpg]
[www.yogainindia.co.in/admin/upload/events/1507554412.jpg]
[www.yogainindia.co.in/admin/upload/events/1507554479.jpg]
[www.yogainindia.co.in/admin/upload/events/1507554539.jpg]
[www.yogainindia.co.in/admin/upload/events/1507554610.jpg]
[www.yogainindia.co.in/admin/upload/events/1507554691.jpg]
[www.yogainindia.co.in/admin/upload/events/1507554782.jpg]
[www.yogainindia.co.in/admin/upload/events/1507554861.jpg]
[www.yogainindia.co.in/admin/upload/events/1507554919.jpg]
[www.yogainindia.co.in/admin/upload/events/1507554989.jpg]
[www.yogainindia.co.in/page/studentList/5.html]
[www.yogainindia.co.in/page/studentList/7.html]
[www.yogainindia.co.in/page/studentList/16.html]
[www.yogainindia.co.in/page/studentList/14.html]
[www.yogainindia.co.in/page/studentList/15.html]
[www.yogainindia.co.in/page/studentListUSA/1.html]
[www.yogainindia.co.in/page/studentList/13.html]
[www.yogainindia.co.in/page/studentListUSA/googleeb4e81db68cfe90f.html]
[www.yogainindia.co.in/page/studentListUSA/index.html]
[www.yogainindia.co.in/admin/upload/events/1543336860.jpg]
[www.yogainindia.co.in/admin/upload/events/1543336940.jpg]
[www.yogainindia.co.in/admin/upload/events/1543337010.jpg]
[www.yogainindia.co.in/admin/upload/events/1543337081.jpg]
[www.yogainindia.co.in/admin/upload/events/1551617535.jpg]
[www.yogainindia.co.in/admin/upload/events/1551617712.jpg]
[www.yogainindia.co.in/admin/upload/events/1551617886.jpg]
[www.yogainindia.co.in/admin/upload/events/1551618086.jpg]
[www.yogainindia.co.in/admin/upload/events/1551618370.jpg]
[www.yogainindia.co.in/admin/upload/events/1551618527.jpg]
[www.yogainindia.co.in/page/studentListUSA/4.html]
[www.yogainindia.co.in/admin/upload/events/1551618772.jpg]
[www.yogainindia.co.in/admin/upload/events/1551619008.jpg]
[www.yogainindia.co.in/admin/upload/events/1551619283.jpg]
[www.yogainindia.co.in/admin/upload/events/1551619503.jpg]
[www.yogainindia.co.in/admin/upload/events/1551619839.jpg]
[www.yogainindia.co.in/admin/upload/events/1551620146.jpg]
[www.yogainindia.co.in/admin/upload/events/1551620418.jpg]
[www.yogainindia.co.in/admin/upload/events/1551620570.jpg]
[www.yogainindia.co.in/admin/upload/events/1551622291.jpg]
[www.yogainindia.co.in/admin/upload/events/1551622581.jpg]
[www.yogainindia.co.in/page/studentListUSA/5.html]
[www.yogainindia.co.in/admin/upload/events/_div style=.html]
[www.yogainindia.co.in/blogyoga/indexfa80.html]
[www.yogainindia.co.in/blogyoga/indexc8fa.html]
[www.yogainindia.co.in/blogyoga/tag/manage-stress/index.html]
[www.yogainindia.co.in/blogyoga/tag/stress-relief/index.html]
[www.yogainindia.co.in/blogyoga/tag/what-is-stress/index.html]
[www.yogainindia.co.in/blogyoga/indexcbb6.html]
[www.yogainindia.co.in/blogyoga/index5a6a.html]
[www.yogainindia.co.in/blogyoga/index56d6.html]
[www.yogainindia.co.in/blogyoga/tag/manage-stress/feed/index.html]
[www.yogainindia.co.in/blogyoga/tag/what-is-stress/feed/index.html]
[www.yogainindia.co.in/blogyoga/tag/stress-relief/feed/index.html]
[www.yogainindia.co.in/blogyoga/tag/300hour-yoga-ttc/feed/index.html]
[www.yogainindia.co.in/blogyoga/tag/300hour-yoga-ttc/index.html]
[www.yogainindia.co.in/blogyoga/tag/certified-yoga-courses/index.html]
[www.yogainindia.co.in/blogyoga/tag/yoga-courses/index.html]
[www.yogainindia.co.in/blogyoga/tag/certified-yoga-courses/feed/index.html]
[www.yogainindia.co.in/blogyoga/tag/yoga-ttc/index.html]
[www.yogainindia.co.in/blogyoga/index9e8b.html]
[www.yogainindia.co.in/blogyoga/tag/yoga-courses/feed/index.html]
[www.yogainindia.co.in/blogyoga/wp-includes/fonts/dashicons.eot]
[www.yogainindia.co.in/blogyoga/wp-includes/css/dashicons.minaead.css]
[www.yogainindia.co.in/blogyoga/wp-includes/css/buttons.minaead.css]
[www.yogainindia.co.in/blogyoga/tag/yoga-ttc/feed/index.html]
[www.yogainindia.co.in/blogyoga/wp-admin/images/loading.gif]
[www.yogainindia.co.in/blogyoga/wp-admin/css/forms.minaead.css]
[www.yogainindia.co.in/blogyoga/wp-admin/css/l10n.minaead.css]
[www.yogainindia.co.in/blogyoga/wp-admin/images/w-logo-blue7a53.png]
[www.yogainindia.co.in/blogyoga/wp-admin/css/login.minaead.css]
[www.yogainindia.co.in/blogyoga/wp-login0ddc.html]
[www.yogainindia.co.in/blogyoga/wp-loginc2b6.html]
[www.yogainindia.co.in/admin/upload/events/1508152549.jpg]
[www.yogainindia.co.in/page/studentList/googleeb4e81db68cfe90f.html]
[www.yogainindia.co.in/admin/upload/events/1522415445.jpg]
[www.yogainindia.co.in/admin/upload/events/1522415542.jpg]
[www.yogainindia.co.in/admin/upload/events/1522415603.jpg]
[www.yogainindia.co.in/admin/upload/events/1522415658.jpg]
[www.yogainindia.co.in/admin/upload/events/1522415733.jpg]
[www.yogainindia.co.in/admin/upload/events/1522415785.jpg]
[www.yogainindia.co.in/admin/upload/events/1522415935.jpg]
[www.yogainindia.co.in/admin/upload/events/1522415993.jpg]
[www.yogainindia.co.in/admin/upload/events/1522416070.jpg]
[www.yogainindia.co.in/page/studentList/6.html]
[www.yogainindia.co.in/page/studentList/8.html]
[www.yogainindia.co.in/admin/upload/events/1522416118.jpg]
[www.yogainindia.co.in/admin/upload/events/1522416223.jpg]
[www.yogainindia.co.in/admin/upload/events/1522416298.jpg]
[www.yogainindia.co.in/admin/upload/events/1522416358.jpg]
[www.yogainindia.co.in/admin/upload/events/1522416412.jpg]
[www.yogainindia.co.in/admin/upload/events/1522416516.jpg]
[www.yogainindia.co.in/admin/upload/events/1522416567.jpg]
[www.yogainindia.co.in/admin/upload/events/1522416618.jpg]
[www.yogainindia.co.in/admin/upload/events/1522416673.jpg]
[www.yogainindia.co.in/admin/upload/events/1522416798.jpg]
[www.yogainindia.co.in/page/studentList/7.html]
[www.yogainindia.co.in/page/studentList/9.html]
[www.yogainindia.co.in/page/studentList/14.html]
[www.yogainindia.co.in/page/studentList/12.html]
[www.yogainindia.co.in/page/studentList/13.html]
[www.yogainindia.co.in/blogyoga/wp-admin/images/wordpress-logo7d6b.svg]
[www.yogainindia.co.in/page/studentList/googleeb4e81db68cfe90f.html]
[www.yogainindia.co.in/page/studentList/11.html]
[www.yogainindia.co.in/admin/upload/events/1522674339.jpg]
[www.yogainindia.co.in/page/studentListUSA/googleeb4e81db68cfe90f.html]
[www.yogainindia.co.in/admin/upload/events/1522674397.jpg]
[www.yogainindia.co.in/admin/upload/events/1522674452.jpg]
[www.yogainindia.co.in/admin/upload/events/1522674500.jpg]
[www.yogainindia.co.in/admin/upload/events/1522674548.jpg]
[www.yogainindia.co.in/admin/upload/events/1522674593.jpg]
[www.yogainindia.co.in/admin/upload/events/1522674705.jpg]
[www.yogainindia.co.in/admin/upload/events/1522674782.jpg]
[www.yogainindia.co.in/admin/upload/events/1522674847.jpg]
[www.yogainindia.co.in/admin/upload/events/1522674896.jpg]
[www.yogainindia.co.in/page/studentList/8.html]
[www.yogainindia.co.in/page/studentList/10.html]
[www.yogainindia.co.in/admin/upload/events/1522674949.jpg]
[www.yogainindia.co.in/admin/upload/events/1522675029.jpg]
[www.yogainindia.co.in/admin/upload/events/1522675071.jpg]
[www.yogainindia.co.in/admin/upload/events/1522675117.jpg]
[www.yogainindia.co.in/admin/upload/events/1522675162.jpg]
[www.yogainindia.co.in/admin/upload/events/1522675211.jpg]
[www.yogainindia.co.in/admin/upload/events/1522675351.jpg]
[www.yogainindia.co.in/admin/upload/events/1522675408.jpg]
[www.yogainindia.co.in/admin/upload/events/1522675481.jpg]
[www.yogainindia.co.in/admin/upload/events/1522675525.jpg]
[www.yogainindia.co.in/page/studentList/9.html]
[www.yogainindia.co.in/admin/upload/events/1522677481.jpg]
[www.yogainindia.co.in/admin/upload/events/1531659580.jpg]
[www.yogainindia.co.in/page/studentList/12.html]
[www.yogainindia.co.in/admin/upload/events/1522676459.jpg]
[www.yogainindia.co.in/admin/upload/events/1522676564.jpg]
[www.yogainindia.co.in/admin/upload/events/1522676653.jpg]
[www.yogainindia.co.in/admin/upload/events/1522676700.jpg]
[www.yogainindia.co.in/admin/upload/events/1522676769.jpg]
[www.yogainindia.co.in/admin/upload/events/1522676816.jpg]
[www.yogainindia.co.in/admin/upload/events/1522677085.jpg]
[www.yogainindia.co.in/admin/upload/events/1522677642.jpg]
[www.yogainindia.co.in/admin/upload/events/1522677265.jpg]
[www.yogainindia.co.in/admin/upload/events/1522677522.jpg]
[www.yogainindia.co.in/page/studentList/11.html]
[www.yogainindia.co.in/page/studentListUSA/googleeb4e81db68cfe90f.html]
[www.yogainindia.co.in/admin/upload/events/1522675569.jpg]
[www.yogainindia.co.in/admin/upload/events/1522675663.jpg]
[www.yogainindia.co.in/admin/upload/events/1522675710.jpg]
[www.yogainindia.co.in/admin/upload/events/1522675786.jpg]
[www.yogainindia.co.in/admin/upload/events/1522675889.jpg]
[www.yogainindia.co.in/admin/upload/events/1522676174.jpg]
[www.yogainindia.co.in/admin/upload/events/1522676267.jpg]
[www.yogainindia.co.in/admin/upload/events/1522676314.jpg]
[www.yogainindia.co.in/admin/upload/events/1522676357.jpg]
[www.yogainindia.co.in/admin/upload/events/1522676404.jpg]
[www.yogainindia.co.in/page/studentList/10.html]
